
> oren@0.0.0 build
> vite build

vite v6.4.1 building for production...

/index.css doesn't exist at build time, it will remain unchanged to be resolved at runtime
transforming...
✓ 1995 modules transformed.
rendering chunks...
computing gzip size...
dist/index.html                  3.42 kB │ gzip:   1.23 kB
dist/assets/index-vX8xGCCT.js  442.75 kB │ gzip: 130.45 kB
✓ built in 1.48s
